Clock: core_clock
Sources: clk 
Generated: no
Virtual: yes
Propagated: no
Period: 10.000000

===========================================================================
report_clock_properties
============================================================================
Clock                   Period          Waveform
----------------------------------------------------
core_clock           10.000000    0.000000  5.000000

===========================================================================
report_clock_latency
============================================================================
Clock core_clock
rise -> rise
    min     max
0.000000 0.000000 source latency
0.213220         network latency dsa[7]._9_/CLK
        0.220001 network latency dsa[30]._8_/CLK
---------------
0.213220 0.220001 latency
        0.006781 skew

fall -> fall
    min     max
0.000000 0.000000 source latency
0.219659         network latency dsa[7]._9_/CLK
        0.225671 network latency dsa[30]._8_/CLK
---------------
0.219659 0.225671 latency
        0.006012 skew



===========================================================================
report_clock_min_period
============================================================================
core_clock period_min = 0.51 fmax = 1973.44
