                                                                     Buffers by Cell Master                                                                     
┏━━━━━━━━━━━━━━━━━━━━━━━━━━━━━━━━━━━━━━━━━━━━━━━━━━━━━━━━━━━━━━━━━━━━━━━━━━━━━━━━━━━━━━━━━━━━━━━━━━━━━━━━━━━━━━━━━━━━━━━━━━━━━━┳━━━━━━━━━━━━━━━━━━━━━━━━━━━━━━━┓
┃ Buffer                                                                                                                       ┃ Count                         ┃
┡━━━━━━━━━━━━━━━━━━━━━━━━━━━━━━━━━━━━━━━━━━━━━━━━━━━━━━━━━━━━━━━━━━━━━━━━━━━━━━━━━━━━━━━━━━━━━━━━━━━━━━━━━━━━━━━━━━━━━━━━━━━━━━╇━━━━━━━━━━━━━━━━━━━━━━━━━━━━━━━┩
│ sky130_fd_sc_hd__buf_1                                                                                                       │ 23                            │
│ sky130_fd_sc_hd__buf_12                                                                                                      │ 2                             │
│ sky130_fd_sc_hd__clkbuf_1                                                                                                    │ 10                            │
│ sky130_fd_sc_hd__clkbuf_16                                                                                                   │ 9                             │
│ sky130_fd_sc_hd__clkbuf_4                                                                                                    │ 2                             │
│ sky130_fd_sc_hd__clkbuf_8                                                                                                    │ 2                             │
└──────────────────────────────────────────────────────────────────────────────────────────────────────────────────────────────┴───────────────────────────────┘
