                                                                        Cells by Master                                                                         
┏━━━━━━━━━━━━━━━━━━━━━━━━━━━━━━━━━━━━━━━━━━━━━━━━━━━━━━━━━━━━━━━━━━━━━━━━━━━━━━━━━━━━━━━━━━━━━━━━━━━━━━━━━━━━━━━━━━━━━━━━━━━━━━━━━┳━━━━━━━━━━━━━━━━━━━━━━━━━━━━┓
┃ Cell                                                                                                                            ┃ Count                      ┃
┡━━━━━━━━━━━━━━━━━━━━━━━━━━━━━━━━━━━━━━━━━━━━━━━━━━━━━━━━━━━━━━━━━━━━━━━━━━━━━━━━━━━━━━━━━━━━━━━━━━━━━━━━━━━━━━━━━━━━━━━━━━━━━━━━━╇━━━━━━━━━━━━━━━━━━━━━━━━━━━━┩
│ sky130_ef_sc_hd__decap_12                                                                                                       │ 149                        │
│ sky130_fd_sc_hd__a21bo_1                                                                                                        │ 32                         │
│ sky130_fd_sc_hd__a21o_1                                                                                                         │ 32                         │
│ sky130_fd_sc_hd__buf_1                                                                                                          │ 23                         │
│ sky130_fd_sc_hd__buf_12                                                                                                         │ 2                          │
│ sky130_fd_sc_hd__bufinv_16                                                                                                      │ 1                          │
│ sky130_fd_sc_hd__clkbuf_1                                                                                                       │ 10                         │
│ sky130_fd_sc_hd__clkbuf_16                                                                                                      │ 9                          │
│ sky130_fd_sc_hd__clkbuf_4                                                                                                       │ 2                          │
│ sky130_fd_sc_hd__clkbuf_8                                                                                                       │ 2                          │
│ sky130_fd_sc_hd__clkinv_2                                                                                                       │ 2                          │
│ sky130_fd_sc_hd__conb_1                                                                                                         │ 2                          │
│ sky130_fd_sc_hd__decap_3                                                                                                        │ 108                        │
│ sky130_fd_sc_hd__decap_4                                                                                                        │ 43                         │
│ sky130_fd_sc_hd__decap_6                                                                                                        │ 39                         │
│ sky130_fd_sc_hd__decap_8                                                                                                        │ 47                         │
│ sky130_fd_sc_hd__dfrtp_1                                                                                                        │ 64                         │
│ sky130_fd_sc_hd__fill_1                                                                                                         │ 96                         │
│ sky130_fd_sc_hd__fill_2                                                                                                         │ 59                         │
│ sky130_fd_sc_hd__nand2_1                                                                                                        │ 32                         │
│ sky130_fd_sc_hd__nand3_1                                                                                                        │ 32                         │
│ sky130_fd_sc_hd__tapvpwrvgnd_1                                                                                                  │ 99                         │
│ sky130_fd_sc_hd__xnor2_1                                                                                                        │ 32                         │
└─────────────────────────────────────────────────────────────────────────────────────────────────────────────────────────────────┴────────────────────────────┘
