                                                                       Cells by Function                                                                        
┏━━━━━━━━━━━━━━━━━━━━━━━━━━━━━━━━━━━━━━━━━━━━━━━━━━━━━━━━━━━━━━━━━━━━━━━━━━━━━━━━━━━━━━━━━━━━━━━━━━━━━━━━━━━━━━━━━━━━━━━━━━━━━━━━┳━━━━━━━━━━━━━━━━━━━━━━━━━━━━━┓
┃ Cell Function                                                                                                                  ┃ Count                       ┃
┡━━━━━━━━━━━━━━━━━━━━━━━━━━━━━━━━━━━━━━━━━━━━━━━━━━━━━━━━━━━━━━━━━━━━━━━━━━━━━━━━━━━━━━━━━━━━━━━━━━━━━━━━━━━━━━━━━━━━━━━━━━━━━━━━╇━━━━━━━━━━━━━━━━━━━━━━━━━━━━━┩
│ sky130_ef_sc_hd__decap                                                                                                         │ 149                         │
│ sky130_fd_sc_hd__a21bo                                                                                                         │ 32                          │
│ sky130_fd_sc_hd__a21o                                                                                                          │ 32                          │
│ sky130_fd_sc_hd__buf                                                                                                           │ 25                          │
│ sky130_fd_sc_hd__bufinv                                                                                                        │ 1                           │
│ sky130_fd_sc_hd__clkbuf                                                                                                        │ 23                          │
│ sky130_fd_sc_hd__clkinv                                                                                                        │ 2                           │
│ sky130_fd_sc_hd__conb                                                                                                          │ 2                           │
│ sky130_fd_sc_hd__decap                                                                                                         │ 237                         │
│ sky130_fd_sc_hd__dfrtp                                                                                                         │ 64                          │
│ sky130_fd_sc_hd__fill                                                                                                          │ 155                         │
│ sky130_fd_sc_hd__nand2                                                                                                         │ 32                          │
│ sky130_fd_sc_hd__nand3                                                                                                         │ 32                          │
│ sky130_fd_sc_hd__tapvpwrvgnd                                                                                                   │ 99                          │
│ sky130_fd_sc_hd__xnor2                                                                                                         │ 32                          │
└────────────────────────────────────────────────────────────────────────────────────────────────────────────────────────────────┴─────────────────────────────┘
