Clock: core_clock
Sources: clk 
Generated: no
Virtual: yes
Propagated: no
Period: 10.000000

===========================================================================
report_clock_properties
============================================================================
Clock                   Period          Waveform
----------------------------------------------------
core_clock           10.000000    0.000000  5.000000

===========================================================================
report_clock_latency
============================================================================
Clock core_clock
rise -> rise
    min     max
0.000000 0.000000 source latency
0.528248         network latency dsa[7]._9_/CLK
        0.541237 network latency dsa[30]._8_/CLK
---------------
0.528248 0.541237 latency
        0.012989 skew

fall -> fall
    min     max
0.000000 0.000000 source latency
0.554166         network latency dsa[7]._9_/CLK
        0.565230 network latency dsa[30]._8_/CLK
---------------
0.554166 0.565230 latency
        0.011064 skew



===========================================================================
report_clock_min_period
============================================================================
core_clock period_min = 1.71 fmax = 585.42
