
===========================================================================
 report_power
============================================================================
======================= min_ss_100C_1v60 Corner ===================================

Group                    Internal    Switching      Leakage        Total
                            Power        Power        Power        Power (Watts)
------------------------------------------------------------------------
Sequential           3.040221e-04 5.678946e-05 1.205531e-06 3.620171e-04  44.6%
Combinational        1.303371e-04 7.142661e-05 1.077325e-06 2.028410e-04  25.0%
Clock                1.714748e-04 7.524522e-05 2.406180e-07 2.469606e-04  30.4%
Macro                0.000000e+00 0.000000e+00 0.000000e+00 0.000000e+00   0.0%
Pad                  0.000000e+00 0.000000e+00 0.000000e+00 0.000000e+00   0.0%
------------------------------------------------------------------------
Total                6.058339e-04 2.034612e-04 2.523472e-06 8.118186e-04 100.0%
                            74.6%        25.1%         0.3%

