
===========================================================================
report_checks -unconstrained
===========================================================================
======================= nom_tt_025C_1v80 Corner ===================================

Startpoint: dsa[24]._8_ (rising edge-triggered flip-flop clocked by core_clock)
Endpoint: dsa[24]._8_ (rising edge-triggered flip-flop clocked by core_clock)
Path Group: core_clock
Path Type: max

Fanout         Cap        Slew       Delay        Time   Description
---------------------------------------------------------------------------------------------
                                  0.000000    0.000000   clock core_clock (rise edge)
                                  0.000000    0.000000   clock source latency
    64    0.171074    0.000000    0.000000    0.000000 ^ clk (in)
                                                         clk (net)
                      0.002957    0.001479    0.001479 ^ dsa[24]._8_/CLK (sky130_fd_sc_hd__dfrtp_2)
     2    0.006713    0.050856    0.379870    0.381349 v dsa[24]._8_/Q (sky130_fd_sc_hd__dfrtp_2)
                                                         dsa[24].last_carry (net)
                      0.050856    0.000008    0.381357 v dsa[24]._4_/B1 (sky130_fd_sc_hd__a21o_2)
     2    0.006858    0.045057    0.196567    0.577923 v dsa[24]._4_/X (sky130_fd_sc_hd__a21o_2)
                                                         dsa[24]._1_ (net)
                      0.045057    0.000012    0.577936 v dsa[24]._7_/A2 (sky130_fd_sc_hd__a21bo_2)
     1    0.002554    0.033724    0.203917    0.781853 v dsa[24]._7_/X (sky130_fd_sc_hd__a21bo_2)
                                                         dsa[24].last_carry_next (net)
                      0.033724    0.000009    0.781862 v dsa[24]._8_/D (sky130_fd_sc_hd__dfrtp_2)
                                              0.781862   data arrival time

                                 10.000000   10.000000   clock core_clock (rise edge)
                                  0.000000   10.000000   clock source latency
    64    0.171074    0.000000    0.000000   10.000000 ^ clk (in)
                                                         clk (net)
                      0.002957    0.001479   10.001479 ^ dsa[24]._8_/CLK (sky130_fd_sc_hd__dfrtp_2)
                                  0.000000   10.001479   clock reconvergence pessimism
                                 -0.120259    9.881220   library setup time
                                              9.881220   data required time
---------------------------------------------------------------------------------------------
                                              9.881220   data required time
                                             -0.781862   data arrival time
---------------------------------------------------------------------------------------------
                                              9.099358   slack (MET)




===========================================================================
report_checks --slack_max -0.01
============================================================================
======================= nom_tt_025C_1v80 Corner ===================================

No paths found.


===========================================================================
 report_check_types -max_slew -max_cap -max_fanout -violators
============================================================================
======================= nom_tt_025C_1v80 Corner ===================================



===========================================================================
report_parasitic_annotation -report_unannotated
============================================================================
Found 1 unannotated drivers.
 _1_/HI
Found 0 partially unannotated drivers.

===========================================================================
max slew violation count 0
Writing metric design__max_slew_violation__count__corner:nom_tt_025C_1v80: 0
max fanout violation count 0
Writing metric design__max_fanout_violation__count__corner:nom_tt_025C_1v80: 0
max cap violation count 0
Writing metric design__max_cap_violation__count__corner:nom_tt_025C_1v80: 0
============================================================================

===========================================================================
check_setup -verbose -unconstrained_endpoints -multiple_clock -no_clock -no_input_delay -loops -generated_clocks
===========================================================================
Warning: There are 34 input ports missing set_input_delay.
  a[0]
  a[10]
  a[11]
  a[12]
  a[13]
  a[14]
  a[15]
  a[16]
  a[17]
  a[18]
  a[19]
  a[1]
  a[20]
  a[21]
  a[22]
  a[23]
  a[24]
  a[25]
  a[26]
  a[27]
  a[28]
  a[29]
  a[2]
  a[30]
  a[31]
  a[3]
  a[4]
  a[5]
  a[6]
  a[7]
  a[8]
  a[9]
  rst
  x
Warning: There is 1 unconstrained endpoint.
  y
