Clock: core_clock
Sources: clk 
Generated: no
Virtual: yes
Propagated: no
Period: 10.000000

===========================================================================
report_clock_properties
============================================================================
Clock                   Period          Waveform
----------------------------------------------------
core_clock           10.000000    0.000000  5.000000

===========================================================================
report_clock_latency
============================================================================
Clock core_clock
rise -> rise
    min     max
0.000000 0.000000 source latency
0.000962         network latency dsa[2]._9_/CLK
        0.002915 network latency dsa[26]._9_/CLK
---------------
0.000962 0.002915 latency
        0.001953 skew

fall -> fall
    min     max
0.000000 0.000000 source latency
0.000908         network latency dsa[2]._9_/CLK
        0.002749 network latency dsa[26]._9_/CLK
---------------
0.000908 0.002749 latency
        0.001841 skew



===========================================================================
report_clock_min_period
============================================================================
core_clock period_min = 0.90 fmax = 1110.32
