
===========================================================================
report_checks -unconstrained
===========================================================================
======================= nom_tt_025C_1v80 Corner ===================================

Startpoint: dsa[12]._8_ (rising edge-triggered flip-flop clocked by core_clock)
Endpoint: dsa[12]._8_ (rising edge-triggered flip-flop clocked by core_clock)
Path Group: core_clock
Path Type: max

Fanout         Cap        Slew       Delay        Time   Description
---------------------------------------------------------------------------------------------
                                  0.000000    0.000000   clock core_clock (rise edge)
                                  0.000000    0.000000   clock source latency
     1    0.011662    0.000000    0.000000    0.000000 ^ clk (in)
                                                         clk (net)
                      0.000754    0.000377    0.000377 ^ clkbuf_0_clk/A (sky130_fd_sc_hd__clkbuf_16)
     8    0.076335    0.093236    0.152403    0.152780 ^ clkbuf_0_clk/X (sky130_fd_sc_hd__clkbuf_16)
                                                         clknet_0_clk (net)
                      0.093358    0.002216    0.154997 ^ clkbuf_3_6__f_clk/A (sky130_fd_sc_hd__clkbuf_16)
     8    0.026669    0.047852    0.149392    0.304389 ^ clkbuf_3_6__f_clk/X (sky130_fd_sc_hd__clkbuf_16)
                                                         clknet_3_6__leaf_clk (net)
                      0.047857    0.000522    0.304911 ^ dsa[12]._8_/CLK (sky130_fd_sc_hd__dfrtp_1)
     2    0.006725    0.057184    0.375956    0.680866 v dsa[12]._8_/Q (sky130_fd_sc_hd__dfrtp_1)
                                                         dsa[12].last_carry (net)
                      0.057184    0.000241    0.681107 v dsa[12]._4_/B1 (sky130_fd_sc_hd__a21o_1)
     2    0.006688    0.049630    0.171105    0.852212 v dsa[12]._4_/X (sky130_fd_sc_hd__a21o_1)
                                                         dsa[12]._1_ (net)
                      0.049630    0.000121    0.852333 v dsa[12]._7_/A2 (sky130_fd_sc_hd__a21bo_1)
     1    0.003761    0.038751    0.191161    1.043494 v dsa[12]._7_/X (sky130_fd_sc_hd__a21bo_1)
                                                         dsa[12].last_carry_next (net)
                      0.038751    0.000137    1.043631 v dsa[12]._8_/D (sky130_fd_sc_hd__dfrtp_1)
                                              1.043631   data arrival time

                                 10.000000   10.000000   clock core_clock (rise edge)
                                  0.000000   10.000000   clock source latency
     1    0.011662    0.000000    0.000000   10.000000 ^ clk (in)
                                                         clk (net)
                      0.000754    0.000377   10.000378 ^ clkbuf_0_clk/A (sky130_fd_sc_hd__clkbuf_16)
     8    0.076335    0.093236    0.152403   10.152781 ^ clkbuf_0_clk/X (sky130_fd_sc_hd__clkbuf_16)
                                                         clknet_0_clk (net)
                      0.093358    0.002217   10.154997 ^ clkbuf_3_6__f_clk/A (sky130_fd_sc_hd__clkbuf_16)
     8    0.026669    0.047852    0.149392   10.304389 ^ clkbuf_3_6__f_clk/X (sky130_fd_sc_hd__clkbuf_16)
                                                         clknet_3_6__leaf_clk (net)
                      0.047857    0.000522   10.304911 ^ dsa[12]._8_/CLK (sky130_fd_sc_hd__dfrtp_1)
                                  0.000000   10.304911   clock reconvergence pessimism
                                 -0.110894   10.194017   library setup time
                                             10.194017   data required time
---------------------------------------------------------------------------------------------
                                             10.194017   data required time
                                             -1.043631   data arrival time
---------------------------------------------------------------------------------------------
                                              9.150387   slack (MET)




===========================================================================
report_checks --slack_max -0.01
============================================================================
======================= nom_tt_025C_1v80 Corner ===================================

No paths found.


===========================================================================
 report_check_types -max_slew -max_cap -max_fanout -violators
============================================================================
======================= nom_tt_025C_1v80 Corner ===================================



===========================================================================
report_parasitic_annotation -report_unannotated
============================================================================
Found 9 unannotated drivers.
 clkload0/X
 clkload1/Y
 clkload2/X
 clkload3/X
 clkload4/Y
 clkload5/Y
 clkload6/X
 dsa\[0\]._6__36/HI
 dsa\[0\]._7__37/HI
Found 0 partially unannotated drivers.

===========================================================================
max slew violation count 0
Writing metric design__max_slew_violation__count__corner:nom_tt_025C_1v80: 0
max fanout violation count 0
Writing metric design__max_fanout_violation__count__corner:nom_tt_025C_1v80: 0
max cap violation count 0
Writing metric design__max_cap_violation__count__corner:nom_tt_025C_1v80: 0
============================================================================

===========================================================================
check_setup -verbose -unconstrained_endpoints -multiple_clock -no_clock -no_input_delay -loops -generated_clocks
===========================================================================
Warning: There are 34 input ports missing set_input_delay.
  a[0]
  a[10]
  a[11]
  a[12]
  a[13]
  a[14]
  a[15]
  a[16]
  a[17]
  a[18]
  a[19]
  a[1]
  a[20]
  a[21]
  a[22]
  a[23]
  a[24]
  a[25]
  a[26]
  a[27]
  a[28]
  a[29]
  a[2]
  a[30]
  a[31]
  a[3]
  a[4]
  a[5]
  a[6]
  a[7]
  a[8]
  a[9]
  rst
  x
Warning: There is 1 unconstrained endpoint.
  y
