Clock: core_clock
Sources: clk 
Generated: no
Virtual: yes
Propagated: no
Period: 10.000000

===========================================================================
report_clock_properties
============================================================================
Clock                   Period          Waveform
----------------------------------------------------
core_clock           10.000000    0.000000  5.000000

===========================================================================
report_clock_latency
============================================================================
Clock core_clock
rise -> rise
    min     max
0.000000 0.000000 source latency
0.302872         network latency dsa[8]._8_/CLK
        0.307854 network latency dsa[30]._8_/CLK
---------------
0.302872 0.307854 latency
        0.004982 skew

fall -> fall
    min     max
0.000000 0.000000 source latency
0.315539         network latency dsa[8]._8_/CLK
        0.320177 network latency dsa[30]._8_/CLK
---------------
0.315539 0.320177 latency
        0.004639 skew



===========================================================================
report_clock_min_period
============================================================================
core_clock period_min = 0.85 fmax = 1177.01
