
===========================================================================
 report_power
============================================================================
======================= nom_tt_025C_1v80 Corner ===================================

Group                    Internal    Switching      Leakage        Total
                            Power        Power        Power        Power (Watts)
------------------------------------------------------------------------
Sequential           3.908481e-04 7.463400e-05 7.843691e-10 4.654829e-04  45.0%
Combinational        1.598038e-04 1.032509e-04 8.599447e-10 2.630556e-04  25.4%
Clock                2.106449e-04 9.461280e-05 3.573252e-10 3.052580e-04  29.5%
Macro                0.000000e+00 0.000000e+00 0.000000e+00 0.000000e+00   0.0%
Pad                  0.000000e+00 0.000000e+00 0.000000e+00 0.000000e+00   0.0%
------------------------------------------------------------------------
Total                7.612967e-04 2.724976e-04 2.001644e-09 1.033796e-03 100.0%
                            73.6%        26.4%         0.0%
Writing metric power__internal__total: 0.0007612967165187001
Writing metric power__switching__total: 0.000272497592959553
Writing metric power__leakage__total: 2.001643739646397e-9
Writing metric power__total: 0.001033796346746385

