
===========================================================================
report_checks -unconstrained
===========================================================================
======================= max_tt_025C_1v80 Corner ===================================

Startpoint: dsa[8]._8_ (rising edge-triggered flip-flop clocked by core_clock)
Endpoint: dsa[8]._8_ (rising edge-triggered flip-flop clocked by core_clock)
Path Group: core_clock
Path Type: max

Fanout         Cap        Slew       Delay        Time   Description
---------------------------------------------------------------------------------------------
                                  0.000000    0.000000   clock core_clock (rise edge)
                                  0.000000    0.000000   clock source latency
     1    0.015086    0.000000    0.000000    0.000000 ^ clk (in)
                                                         clk (net)
                      0.001413    0.000707    0.000707 ^ clkbuf_0_clk/A (sky130_fd_sc_hd__clkbuf_16)
     8    0.084849    0.102020    0.155491    0.156197 ^ clkbuf_0_clk/X (sky130_fd_sc_hd__clkbuf_16)
                                                         clknet_0_clk (net)
                      0.103192    0.008714    0.164911 ^ clkbuf_3_4__f_clk/A (sky130_fd_sc_hd__clkbuf_16)
     9    0.023560    0.045046    0.149734    0.314645 ^ clkbuf_3_4__f_clk/X (sky130_fd_sc_hd__clkbuf_16)
                                                         clknet_3_4__leaf_clk (net)
                      0.045081    0.001088    0.315733 ^ dsa[8]._8_/CLK (sky130_fd_sc_hd__dfrtp_1)
     2    0.006031    0.053921    0.371166    0.686899 v dsa[8]._8_/Q (sky130_fd_sc_hd__dfrtp_1)
                                                         dsa[8].last_carry (net)
                      0.053921    0.000202    0.687101 v dsa[8]._4_/B1 (sky130_fd_sc_hd__a21o_1)
     2    0.007445    0.053401    0.173171    0.860272 v dsa[8]._4_/X (sky130_fd_sc_hd__a21o_1)
                                                         dsa[8]._1_ (net)
                      0.053404    0.000452    0.860724 v dsa[8]._7_/A2 (sky130_fd_sc_hd__a21bo_1)
     1    0.003322    0.036729    0.190104    1.050828 v dsa[8]._7_/X (sky130_fd_sc_hd__a21bo_1)
                                                         dsa[8].last_carry_next (net)
                      0.036729    0.000213    1.051041 v dsa[8]._8_/D (sky130_fd_sc_hd__dfrtp_1)
                                              1.051041   data arrival time

                                 10.000000   10.000000   clock core_clock (rise edge)
                                  0.000000   10.000000   clock source latency
     1    0.015086    0.000000    0.000000   10.000000 ^ clk (in)
                                                         clk (net)
                      0.001413    0.000707   10.000708 ^ clkbuf_0_clk/A (sky130_fd_sc_hd__clkbuf_16)
     8    0.084849    0.102020    0.155491   10.156198 ^ clkbuf_0_clk/X (sky130_fd_sc_hd__clkbuf_16)
                                                         clknet_0_clk (net)
                      0.103192    0.008714   10.164912 ^ clkbuf_3_4__f_clk/A (sky130_fd_sc_hd__clkbuf_16)
     9    0.023560    0.045046    0.149734   10.314646 ^ clkbuf_3_4__f_clk/X (sky130_fd_sc_hd__clkbuf_16)
                                                         clknet_3_4__leaf_clk (net)
                      0.045081    0.001087   10.315733 ^ dsa[8]._8_/CLK (sky130_fd_sc_hd__dfrtp_1)
                                  0.000000   10.315733   clock reconvergence pessimism
                                 -0.110646   10.205086   library setup time
                                             10.205086   data required time
---------------------------------------------------------------------------------------------
                                             10.205086   data required time
                                             -1.051041   data arrival time
---------------------------------------------------------------------------------------------
                                              9.154045   slack (MET)




===========================================================================
report_checks --slack_max -0.01
============================================================================
======================= max_tt_025C_1v80 Corner ===================================

No paths found.


===========================================================================
 report_check_types -max_slew -max_cap -max_fanout -violators
============================================================================
======================= max_tt_025C_1v80 Corner ===================================



===========================================================================
report_parasitic_annotation -report_unannotated
============================================================================
Found 9 unannotated drivers.
 clkload0/X
 clkload1/Y
 clkload2/X
 clkload3/X
 clkload4/Y
 clkload5/Y
 clkload6/X
 dsa\[0\]._6__36/HI
 dsa\[0\]._7__37/HI
Found 0 partially unannotated drivers.

===========================================================================
max slew violation count 0
max fanout violation count 0
max cap violation count 0
============================================================================

===========================================================================
check_setup -verbose -unconstrained_endpoints -multiple_clock -no_clock -no_input_delay -loops -generated_clocks
===========================================================================
Warning: There are 34 input ports missing set_input_delay.
  a[0]
  a[10]
  a[11]
  a[12]
  a[13]
  a[14]
  a[15]
  a[16]
  a[17]
  a[18]
  a[19]
  a[1]
  a[20]
  a[21]
  a[22]
  a[23]
  a[24]
  a[25]
  a[26]
  a[27]
  a[28]
  a[29]
  a[2]
  a[30]
  a[31]
  a[3]
  a[4]
  a[5]
  a[6]
  a[7]
  a[8]
  a[9]
  rst
  x
Warning: There is 1 unconstrained endpoint.
  y
