Clock: core_clock
Sources: clk 
Generated: no
Virtual: yes
Propagated: no
Period: 10.000000

===========================================================================
report_clock_properties
============================================================================
Clock                   Period          Waveform
----------------------------------------------------
core_clock           10.000000    0.000000  5.000000

===========================================================================
report_clock_latency
============================================================================
Clock core_clock
rise -> rise
    min     max
0.000000 0.000000 source latency
0.315707         network latency dsa[7]._9_/CLK
        0.326763 network latency dsa[30]._8_/CLK
---------------
0.315707 0.326763 latency
        0.011057 skew

fall -> fall
    min     max
0.000000 0.000000 source latency
0.326349         network latency dsa[21]._9_/CLK
        0.336334 network latency dsa[30]._8_/CLK
---------------
0.326349 0.336334 latency
        0.009985 skew



===========================================================================
report_clock_min_period
============================================================================
core_clock period_min = 0.85 fmax = 1182.10
