Clock: core_clock
Sources: clk 
Generated: no
Virtual: yes
Propagated: no
Period: 10.000000

===========================================================================
report_clock_properties
============================================================================
Clock                   Period          Waveform
----------------------------------------------------
core_clock           10.000000    0.000000  5.000000

===========================================================================
report_clock_latency
============================================================================
Clock core_clock
rise -> rise
    min     max
0.000000 0.000000 source latency
0.306788         network latency dsa[7]._9_/CLK
        0.315138 network latency dsa[30]._8_/CLK
---------------
0.306788 0.315138 latency
        0.008350 skew

fall -> fall
    min     max
0.000000 0.000000 source latency
0.318559         network latency dsa[7]._9_/CLK
        0.325951 network latency dsa[30]._8_/CLK
---------------
0.318559 0.325951 latency
        0.007393 skew



===========================================================================
report_clock_min_period
============================================================================
core_clock period_min = 0.84 fmax = 1194.04
