Clock: core_clock
Sources: clk 
Generated: no
Virtual: yes
Propagated: no
Period: 10.000000

===========================================================================
report_clock_properties
============================================================================
Clock                   Period          Waveform
----------------------------------------------------
core_clock           10.000000    0.000000  5.000000

===========================================================================
report_clock_latency
============================================================================
Clock core_clock
rise -> rise
    min     max
0.000000 0.000000 source latency
0.296618         network latency dsa[8]._8_/CLK
        0.300879 network latency dsa[28]._8_/CLK
---------------
0.296618 0.300879 latency
        0.004261 skew

fall -> fall
    min     max
0.000000 0.000000 source latency
0.310250         network latency dsa[8]._8_/CLK
        0.313997 network latency dsa[28]._8_/CLK
---------------
0.310250 0.313997 latency
        0.003747 skew



===========================================================================
report_clock_min_period
============================================================================
core_clock period_min = 0.82 fmax = 1213.76
