
===========================================================================
 report_power
============================================================================
======================= nom_tt_025C_1v80 Corner ===================================

Group                    Internal    Switching      Leakage        Total
                            Power        Power        Power        Power (Watts)
------------------------------------------------------------------------
Sequential           3.906334e-04 6.597669e-05 7.843691e-10 4.566109e-04  45.7%
Combinational        1.592991e-04 8.644574e-05 8.599447e-10 2.457457e-04  24.6%
Clock                2.100149e-04 8.653760e-05 3.573252e-10 2.965529e-04  29.7%
Macro                0.000000e+00 0.000000e+00 0.000000e+00 0.000000e+00   0.0%
Pad                  0.000000e+00 0.000000e+00 0.000000e+00 0.000000e+00   0.0%
------------------------------------------------------------------------
Total                7.599475e-04 2.389601e-04 2.001644e-09 9.989096e-04 100.0%
                            76.1%        23.9%         0.0%
Writing metric power__internal__total: 0.0007599475211463869
Writing metric power__switching__total: 0.00023896005586721003
Writing metric power__leakage__total: 2.001643739646397e-9
Writing metric power__total: 0.0009989095851778984

