Clock: core_clock
Sources: clk 
Generated: no
Virtual: yes
Propagated: no
Period: 10.000000

===========================================================================
report_clock_properties
============================================================================
Clock                   Period          Waveform
----------------------------------------------------
core_clock           10.000000    0.000000  5.000000

===========================================================================
report_clock_latency
============================================================================
Clock core_clock
rise -> rise
    min     max
0.000000 0.000000 source latency
0.540261         network latency dsa[7]._9_/CLK
        0.557064 network latency dsa[30]._8_/CLK
---------------
0.540261 0.557064 latency
        0.016803 skew

fall -> fall
    min     max
0.000000 0.000000 source latency
0.564362         network latency dsa[7]._9_/CLK
        0.578766 network latency dsa[30]._8_/CLK
---------------
0.564362 0.578766 latency
        0.014403 skew



===========================================================================
report_clock_min_period
============================================================================
core_clock period_min = 1.72 fmax = 580.63
