
===========================================================================
report_checks -unconstrained
===========================================================================
======================= nom_tt_025C_1v80 Corner ===================================

Startpoint: dsa[8]._8_ (rising edge-triggered flip-flop clocked by core_clock)
Endpoint: dsa[8]._8_ (rising edge-triggered flip-flop clocked by core_clock)
Path Group: core_clock
Path Type: max

Fanout         Cap        Slew       Delay        Time   Description
---------------------------------------------------------------------------------------------
                                  0.000000    0.000000   clock core_clock (rise edge)
                                  0.000000    0.000000   clock source latency
     1    0.014766    0.000000    0.000000    0.000000 ^ clk (in)
                                                         clk (net)
                      0.000828    0.000414    0.000414 ^ clkbuf_0_clk/A (sky130_fd_sc_hd__clkbuf_16)
     8    0.082920    0.100025    0.156201    0.156615 ^ clkbuf_0_clk/X (sky130_fd_sc_hd__clkbuf_16)
                                                         clknet_0_clk (net)
                      0.100380    0.004787    0.161402 ^ clkbuf_3_4__f_clk/A (sky130_fd_sc_hd__clkbuf_16)
     9    0.023158    0.044657    0.148636    0.310038 ^ clkbuf_3_4__f_clk/X (sky130_fd_sc_hd__clkbuf_16)
                                                         clknet_3_4__leaf_clk (net)
                      0.044661    0.000437    0.310475 ^ dsa[8]._8_/CLK (sky130_fd_sc_hd__dfrtp_1)
     2    0.005834    0.052944    0.370030    0.680505 v dsa[8]._8_/Q (sky130_fd_sc_hd__dfrtp_1)
                                                         dsa[8].last_carry (net)
                      0.052944    0.000082    0.680588 v dsa[8]._4_/B1 (sky130_fd_sc_hd__a21o_1)
     2    0.007159    0.051817    0.171618    0.852206 v dsa[8]._4_/X (sky130_fd_sc_hd__a21o_1)
                                                         dsa[8]._1_ (net)
                      0.051817    0.000200    0.852406 v dsa[8]._7_/A2 (sky130_fd_sc_hd__a21bo_1)
     1    0.003210    0.036196    0.188786    1.041191 v dsa[8]._7_/X (sky130_fd_sc_hd__a21bo_1)
                                                         dsa[8].last_carry_next (net)
                      0.036196    0.000097    1.041289 v dsa[8]._8_/D (sky130_fd_sc_hd__dfrtp_1)
                                              1.041289   data arrival time

                                 10.000000   10.000000   clock core_clock (rise edge)
                                  0.000000   10.000000   clock source latency
     1    0.014766    0.000000    0.000000   10.000000 ^ clk (in)
                                                         clk (net)
                      0.000828    0.000414   10.000414 ^ clkbuf_0_clk/A (sky130_fd_sc_hd__clkbuf_16)
     8    0.082920    0.100025    0.156200   10.156614 ^ clkbuf_0_clk/X (sky130_fd_sc_hd__clkbuf_16)
                                                         clknet_0_clk (net)
                      0.100380    0.004787   10.161402 ^ clkbuf_3_4__f_clk/A (sky130_fd_sc_hd__clkbuf_16)
     9    0.023158    0.044657    0.148637   10.310039 ^ clkbuf_3_4__f_clk/X (sky130_fd_sc_hd__clkbuf_16)
                                                         clknet_3_4__leaf_clk (net)
                      0.044661    0.000437   10.310475 ^ dsa[8]._8_/CLK (sky130_fd_sc_hd__dfrtp_1)
                                  0.000000   10.310475   clock reconvergence pessimism
                                 -0.110510   10.199965   library setup time
                                             10.199965   data required time
---------------------------------------------------------------------------------------------
                                             10.199965   data required time
                                             -1.041289   data arrival time
---------------------------------------------------------------------------------------------
                                              9.158677   slack (MET)




===========================================================================
report_checks --slack_max -0.01
============================================================================
======================= nom_tt_025C_1v80 Corner ===================================

No paths found.


===========================================================================
 report_check_types -max_slew -max_cap -max_fanout -violators
============================================================================
======================= nom_tt_025C_1v80 Corner ===================================



===========================================================================
report_parasitic_annotation -report_unannotated
============================================================================
Found 9 unannotated drivers.
 clkload0/X
 clkload1/Y
 clkload2/X
 clkload3/X
 clkload4/Y
 clkload5/Y
 clkload6/X
 dsa\[0\]._6__36/HI
 dsa\[0\]._7__37/HI
Found 0 partially unannotated drivers.

===========================================================================
max slew violation count 0
max fanout violation count 0
max cap violation count 0
============================================================================

===========================================================================
check_setup -verbose -unconstrained_endpoints -multiple_clock -no_clock -no_input_delay -loops -generated_clocks
===========================================================================
Warning: There are 34 input ports missing set_input_delay.
  a[0]
  a[10]
  a[11]
  a[12]
  a[13]
  a[14]
  a[15]
  a[16]
  a[17]
  a[18]
  a[19]
  a[1]
  a[20]
  a[21]
  a[22]
  a[23]
  a[24]
  a[25]
  a[26]
  a[27]
  a[28]
  a[29]
  a[2]
  a[30]
  a[31]
  a[3]
  a[4]
  a[5]
  a[6]
  a[7]
  a[8]
  a[9]
  rst
  x
Warning: There is 1 unconstrained endpoint.
  y
