Clock: core_clock
Sources: clk 
Generated: no
Virtual: yes
Propagated: no
Period: 10.000000

===========================================================================
report_clock_properties
============================================================================
Clock                   Period          Waveform
----------------------------------------------------
core_clock           10.000000    0.000000  5.000000

===========================================================================
report_clock_latency
============================================================================
Clock core_clock
rise -> rise
    min     max
0.000000 0.000000 source latency
0.310469         network latency dsa[7]._9_/CLK
        0.319820 network latency dsa[30]._8_/CLK
---------------
0.310469 0.319820 latency
        0.009351 skew

fall -> fall
    min     max
0.000000 0.000000 source latency
0.321614         network latency dsa[7]._9_/CLK
        0.329826 network latency dsa[30]._8_/CLK
---------------
0.321614 0.329826 latency
        0.008211 skew



===========================================================================
report_clock_min_period
============================================================================
core_clock period_min = 0.84 fmax = 1188.60
