
===========================================================================
report_checks -unconstrained
===========================================================================
======================= nom_ff_n40C_1v95 Corner ===================================

Startpoint: dsa[10]._8_ (rising edge-triggered flip-flop clocked by core_clock)
Endpoint: dsa[10]._8_ (rising edge-triggered flip-flop clocked by core_clock)
Path Group: core_clock
Path Type: max

Fanout         Cap        Slew       Delay        Time   Description
---------------------------------------------------------------------------------------------
                      0.000000    0.000000    0.000000   clock core_clock (rise edge)
                                  0.000000    0.000000   clock network delay (ideal)
                      0.000000    0.000000    0.000000 ^ dsa[10]._8_/CLK (sky130_fd_sc_hd__dfrtp_2)
     2    0.006554    0.036353    0.237666    0.237666 v dsa[10]._8_/Q (sky130_fd_sc_hd__dfrtp_2)
                                                         dsa[10].last_carry (net)
                      0.036353    0.000000    0.237666 v dsa[10]._4_/B1 (sky130_fd_sc_hd__a21o_2)
     2    0.006488    0.032809    0.090779    0.328445 v dsa[10]._4_/X (sky130_fd_sc_hd__a21o_2)
                                                         dsa[10]._1_ (net)
                      0.032809    0.000000    0.328445 v dsa[10]._7_/A2 (sky130_fd_sc_hd__a21bo_2)
     1    0.002059    0.024153    0.128070    0.456515 v dsa[10]._7_/X (sky130_fd_sc_hd__a21bo_2)
                                                         dsa[10].last_carry_next (net)
                      0.024153    0.000000    0.456515 v dsa[10]._8_/D (sky130_fd_sc_hd__dfrtp_2)
                                              0.456515   data arrival time

                      0.000000   10.000000   10.000000   clock core_clock (rise edge)
                                  0.000000   10.000000   clock network delay (ideal)
                                  0.000000   10.000000   clock reconvergence pessimism
                                             10.000000 ^ dsa[10]._8_/CLK (sky130_fd_sc_hd__dfrtp_2)
                                 -0.073938    9.926062   library setup time
                                              9.926062   data required time
---------------------------------------------------------------------------------------------
                                              9.926062   data required time
                                             -0.456515   data arrival time
---------------------------------------------------------------------------------------------
                                              9.469547   slack (MET)




===========================================================================
report_checks --slack_max -0.01
============================================================================
======================= nom_ff_n40C_1v95 Corner ===================================

No paths found.


===========================================================================
 report_check_types -max_slew -max_cap -max_fanout -violators
============================================================================
======================= nom_ff_n40C_1v95 Corner ===================================



===========================================================================
report_parasitic_annotation -report_unannotated
============================================================================
Found 261 unannotated drivers.
 a[0]
 a[10]
 a[11]
 a[12]
 a[13]
 a[14]
 a[15]
 a[16]
 a[17]
 a[18]
 a[19]
 a[1]
 a[20]
 a[21]
 a[22]
 a[23]
 a[24]
 a[25]
 a[26]
 a[27]
 a[28]
 a[29]
 a[2]
 a[30]
 a[31]
 a[3]
 a[4]
 a[5]
 a[6]
 a[7]
 a[8]
 a[9]
 clk
 rst
 x
 _1_/HI
 _1_/LO
 dsa\[0\]._3_/Y
 dsa\[0\]._4_/X
 dsa\[0\]._5_/Y
 dsa\[0\]._6_/Y
 dsa\[0\]._7_/X
 dsa\[0\]._8_/Q
 dsa\[0\]._9_/Q
 dsa\[10\]._3_/Y
 dsa\[10\]._4_/X
 dsa\[10\]._5_/Y
 dsa\[10\]._6_/Y
 dsa\[10\]._7_/X
 dsa\[10\]._8_/Q
 dsa\[10\]._9_/Q
 dsa\[11\]._3_/Y
 dsa\[11\]._4_/X
 dsa\[11\]._5_/Y
 dsa\[11\]._6_/Y
 dsa\[11\]._7_/X
 dsa\[11\]._8_/Q
 dsa\[11\]._9_/Q
 dsa\[12\]._3_/Y
 dsa\[12\]._4_/X
 dsa\[12\]._5_/Y
 dsa\[12\]._6_/Y
 dsa\[12\]._7_/X
 dsa\[12\]._8_/Q
 dsa\[12\]._9_/Q
 dsa\[13\]._3_/Y
 dsa\[13\]._4_/X
 dsa\[13\]._5_/Y
 dsa\[13\]._6_/Y
 dsa\[13\]._7_/X
 dsa\[13\]._8_/Q
 dsa\[13\]._9_/Q
 dsa\[14\]._3_/Y
 dsa\[14\]._4_/X
 dsa\[14\]._5_/Y
 dsa\[14\]._6_/Y
 dsa\[14\]._7_/X
 dsa\[14\]._8_/Q
 dsa\[14\]._9_/Q
 dsa\[15\]._3_/Y
 dsa\[15\]._4_/X
 dsa\[15\]._5_/Y
 dsa\[15\]._6_/Y
 dsa\[15\]._7_/X
 dsa\[15\]._8_/Q
 dsa\[15\]._9_/Q
 dsa\[16\]._3_/Y
 dsa\[16\]._4_/X
 dsa\[16\]._5_/Y
 dsa\[16\]._6_/Y
 dsa\[16\]._7_/X
 dsa\[16\]._8_/Q
 dsa\[16\]._9_/Q
 dsa\[17\]._3_/Y
 dsa\[17\]._4_/X
 dsa\[17\]._5_/Y
 dsa\[17\]._6_/Y
 dsa\[17\]._7_/X
 dsa\[17\]._8_/Q
 dsa\[17\]._9_/Q
 dsa\[18\]._3_/Y
 dsa\[18\]._4_/X
 dsa\[18\]._5_/Y
 dsa\[18\]._6_/Y
 dsa\[18\]._7_/X
 dsa\[18\]._8_/Q
 dsa\[18\]._9_/Q
 dsa\[19\]._3_/Y
 dsa\[19\]._4_/X
 dsa\[19\]._5_/Y
 dsa\[19\]._6_/Y
 dsa\[19\]._7_/X
 dsa\[19\]._8_/Q
 dsa\[19\]._9_/Q
 dsa\[1\]._3_/Y
 dsa\[1\]._4_/X
 dsa\[1\]._5_/Y
 dsa\[1\]._6_/Y
 dsa\[1\]._7_/X
 dsa\[1\]._8_/Q
 dsa\[1\]._9_/Q
 dsa\[20\]._3_/Y
 dsa\[20\]._4_/X
 dsa\[20\]._5_/Y
 dsa\[20\]._6_/Y
 dsa\[20\]._7_/X
 dsa\[20\]._8_/Q
 dsa\[20\]._9_/Q
 dsa\[21\]._3_/Y
 dsa\[21\]._4_/X
 dsa\[21\]._5_/Y
 dsa\[21\]._6_/Y
 dsa\[21\]._7_/X
 dsa\[21\]._8_/Q
 dsa\[21\]._9_/Q
 dsa\[22\]._3_/Y
 dsa\[22\]._4_/X
 dsa\[22\]._5_/Y
 dsa\[22\]._6_/Y
 dsa\[22\]._7_/X
 dsa\[22\]._8_/Q
 dsa\[22\]._9_/Q
 dsa\[23\]._3_/Y
 dsa\[23\]._4_/X
 dsa\[23\]._5_/Y
 dsa\[23\]._6_/Y
 dsa\[23\]._7_/X
 dsa\[23\]._8_/Q
 dsa\[23\]._9_/Q
 dsa\[24\]._3_/Y
 dsa\[24\]._4_/X
 dsa\[24\]._5_/Y
 dsa\[24\]._6_/Y
 dsa\[24\]._7_/X
 dsa\[24\]._8_/Q
 dsa\[24\]._9_/Q
 dsa\[25\]._3_/Y
 dsa\[25\]._4_/X
 dsa\[25\]._5_/Y
 dsa\[25\]._6_/Y
 dsa\[25\]._7_/X
 dsa\[25\]._8_/Q
 dsa\[25\]._9_/Q
 dsa\[26\]._3_/Y
 dsa\[26\]._4_/X
 dsa\[26\]._5_/Y
 dsa\[26\]._6_/Y
 dsa\[26\]._7_/X
 dsa\[26\]._8_/Q
 dsa\[26\]._9_/Q
 dsa\[27\]._3_/Y
 dsa\[27\]._4_/X
 dsa\[27\]._5_/Y
 dsa\[27\]._6_/Y
 dsa\[27\]._7_/X
 dsa\[27\]._8_/Q
 dsa\[27\]._9_/Q
 dsa\[28\]._3_/Y
 dsa\[28\]._4_/X
 dsa\[28\]._5_/Y
 dsa\[28\]._6_/Y
 dsa\[28\]._7_/X
 dsa\[28\]._8_/Q
 dsa\[28\]._9_/Q
 dsa\[29\]._3_/Y
 dsa\[29\]._4_/X
 dsa\[29\]._5_/Y
 dsa\[29\]._6_/Y
 dsa\[29\]._7_/X
 dsa\[29\]._8_/Q
 dsa\[29\]._9_/Q
 dsa\[2\]._3_/Y
 dsa\[2\]._4_/X
 dsa\[2\]._5_/Y
 dsa\[2\]._6_/Y
 dsa\[2\]._7_/X
 dsa\[2\]._8_/Q
 dsa\[2\]._9_/Q
 dsa\[30\]._3_/Y
 dsa\[30\]._4_/X
 dsa\[30\]._5_/Y
 dsa\[30\]._6_/Y
 dsa\[30\]._7_/X
 dsa\[30\]._8_/Q
 dsa\[30\]._9_/Q
 dsa\[31\]._3_/Y
 dsa\[31\]._4_/X
 dsa\[31\]._5_/Y
 dsa\[31\]._6_/Y
 dsa\[31\]._7_/X
 dsa\[31\]._8_/Q
 dsa\[31\]._9_/Q
 dsa\[3\]._3_/Y
 dsa\[3\]._4_/X
 dsa\[3\]._5_/Y
 dsa\[3\]._6_/Y
 dsa\[3\]._7_/X
 dsa\[3\]._8_/Q
 dsa\[3\]._9_/Q
 dsa\[4\]._3_/Y
 dsa\[4\]._4_/X
 dsa\[4\]._5_/Y
 dsa\[4\]._6_/Y
 dsa\[4\]._7_/X
 dsa\[4\]._8_/Q
 dsa\[4\]._9_/Q
 dsa\[5\]._3_/Y
 dsa\[5\]._4_/X
 dsa\[5\]._5_/Y
 dsa\[5\]._6_/Y
 dsa\[5\]._7_/X
 dsa\[5\]._8_/Q
 dsa\[5\]._9_/Q
 dsa\[6\]._3_/Y
 dsa\[6\]._4_/X
 dsa\[6\]._5_/Y
 dsa\[6\]._6_/Y
 dsa\[6\]._7_/X
 dsa\[6\]._8_/Q
 dsa\[6\]._9_/Q
 dsa\[7\]._3_/Y
 dsa\[7\]._4_/X
 dsa\[7\]._5_/Y
 dsa\[7\]._6_/Y
 dsa\[7\]._7_/X
 dsa\[7\]._8_/Q
 dsa\[7\]._9_/Q
 dsa\[8\]._3_/Y
 dsa\[8\]._4_/X
 dsa\[8\]._5_/Y
 dsa\[8\]._6_/Y
 dsa\[8\]._7_/X
 dsa\[8\]._8_/Q
 dsa\[8\]._9_/Q
 dsa\[9\]._3_/Y
 dsa\[9\]._4_/X
 dsa\[9\]._5_/Y
 dsa\[9\]._6_/Y
 dsa\[9\]._7_/X
 dsa\[9\]._8_/Q
 dsa\[9\]._9_/Q
Found 0 partially unannotated drivers.

===========================================================================
max slew violation count 0
max fanout violation count 0
max cap violation count 0
============================================================================

===========================================================================
check_setup -verbose -unconstrained_endpoints -multiple_clock -no_clock -no_input_delay -loops -generated_clocks
===========================================================================
Warning: There are 34 input ports missing set_input_delay.
  a[0]
  a[10]
  a[11]
  a[12]
  a[13]
  a[14]
  a[15]
  a[16]
  a[17]
  a[18]
  a[19]
  a[1]
  a[20]
  a[21]
  a[22]
  a[23]
  a[24]
  a[25]
  a[26]
  a[27]
  a[28]
  a[29]
  a[2]
  a[30]
  a[31]
  a[3]
  a[4]
  a[5]
  a[6]
  a[7]
  a[8]
  a[9]
  rst
  x
Warning: There is 1 unconstrained endpoint.
  y
