Clock: core_clock
Sources: clk 
Generated: no
Virtual: no
Propagated: no
Period: 10.000000

===========================================================================
report_clock_properties
============================================================================
Clock                   Period          Waveform
----------------------------------------------------
core_clock           10.000000    0.000000  5.000000

===========================================================================
report_clock_latency
============================================================================
Clock core_clock
rise -> rise
    min     max
0.000000 0.000000 source latency
0.000000         network latency dsa[0]._8_/CLK
        0.000000 network latency dsa[0]._8_/CLK
---------------
0.000000 0.000000 latency
        0.000000 skew

fall -> fall
    min     max
0.000000 0.000000 source latency
0.000000         network latency dsa[0]._8_/CLK
        0.000000 network latency dsa[0]._8_/CLK
---------------
0.000000 0.000000 latency
        0.000000 skew



===========================================================================
report_clock_min_period
============================================================================
core_clock period_min = 0.53 fmax = 1885.18
