
===========================================================================
report_checks -unconstrained
===========================================================================
======================= max_ff_n40C_1v95 Corner ===================================

Startpoint: dsa[8]._8_ (rising edge-triggered flip-flop clocked by core_clock)
Endpoint: dsa[8]._8_ (rising edge-triggered flip-flop clocked by core_clock)
Path Group: core_clock
Path Type: max

Fanout         Cap        Slew       Delay        Time   Description
---------------------------------------------------------------------------------------------
                                  0.000000    0.000000   clock core_clock (rise edge)
                                  0.000000    0.000000   clock source latency
     1    0.015155    0.000000    0.000000    0.000000 ^ clk (in)
                                                         clk (net)
                      0.001422    0.000711    0.000711 ^ clkbuf_0_clk/A (sky130_fd_sc_hd__clkbuf_16)
     8    0.085401    0.078773    0.109444    0.110155 ^ clkbuf_0_clk/X (sky130_fd_sc_hd__clkbuf_16)
                                                         clknet_0_clk (net)
                      0.080339    0.008735    0.118890 ^ clkbuf_3_4__f_clk/A (sky130_fd_sc_hd__clkbuf_16)
     9    0.024233    0.034552    0.100597    0.219487 ^ clkbuf_3_4__f_clk/X (sky130_fd_sc_hd__clkbuf_16)
                                                         clknet_3_4__leaf_clk (net)
                      0.034612    0.001119    0.220606 ^ dsa[8]._8_/CLK (sky130_fd_sc_hd__dfrtp_1)
     2    0.006142    0.038582    0.234832    0.455439 v dsa[8]._8_/Q (sky130_fd_sc_hd__dfrtp_1)
                                                         dsa[8].last_carry (net)
                      0.038582    0.000207    0.455646 v dsa[8]._4_/B1 (sky130_fd_sc_hd__a21o_1)
     2    0.007451    0.038014    0.083544    0.539190 v dsa[8]._4_/X (sky130_fd_sc_hd__a21o_1)
                                                         dsa[8]._1_ (net)
                      0.038019    0.000452    0.539642 v dsa[8]._7_/A2 (sky130_fd_sc_hd__a21bo_1)
     1    0.003432    0.027199    0.122702    0.662344 v dsa[8]._7_/X (sky130_fd_sc_hd__a21bo_1)
                                                         dsa[8].last_carry_next (net)
                      0.027214    0.000223    0.662566 v dsa[8]._8_/D (sky130_fd_sc_hd__dfrtp_1)
                                              0.662566   data arrival time

                                 10.000000   10.000000   clock core_clock (rise edge)
                                  0.000000   10.000000   clock source latency
     1    0.015155    0.000000    0.000000   10.000000 ^ clk (in)
                                                         clk (net)
                      0.001422    0.000711   10.000710 ^ clkbuf_0_clk/A (sky130_fd_sc_hd__clkbuf_16)
     8    0.085401    0.078773    0.109445   10.110156 ^ clkbuf_0_clk/X (sky130_fd_sc_hd__clkbuf_16)
                                                         clknet_0_clk (net)
                      0.080339    0.008734   10.118890 ^ clkbuf_3_4__f_clk/A (sky130_fd_sc_hd__clkbuf_16)
     9    0.024233    0.034552    0.100597   10.219487 ^ clkbuf_3_4__f_clk/X (sky130_fd_sc_hd__clkbuf_16)
                                                         clknet_3_4__leaf_clk (net)
                      0.034612    0.001120   10.220607 ^ dsa[8]._8_/CLK (sky130_fd_sc_hd__dfrtp_1)
                                  0.000000   10.220607   clock reconvergence pessimism
                                 -0.070484   10.150123   library setup time
                                             10.150123   data required time
---------------------------------------------------------------------------------------------
                                             10.150123   data required time
                                             -0.662566   data arrival time
---------------------------------------------------------------------------------------------
                                              9.487556   slack (MET)




===========================================================================
report_checks --slack_max -0.01
============================================================================
======================= max_ff_n40C_1v95 Corner ===================================

No paths found.


===========================================================================
 report_check_types -max_slew -max_cap -max_fanout -violators
============================================================================
======================= max_ff_n40C_1v95 Corner ===================================



===========================================================================
report_parasitic_annotation -report_unannotated
============================================================================
Found 9 unannotated drivers.
 clkload0/X
 clkload1/Y
 clkload2/X
 clkload3/X
 clkload4/Y
 clkload5/Y
 clkload6/X
 dsa\[0\]._6__36/HI
 dsa\[0\]._7__37/HI
Found 0 partially unannotated drivers.

===========================================================================
max slew violation count 0
max fanout violation count 0
max cap violation count 0
============================================================================

===========================================================================
check_setup -verbose -unconstrained_endpoints -multiple_clock -no_clock -no_input_delay -loops -generated_clocks
===========================================================================
Warning: There are 34 input ports missing set_input_delay.
  a[0]
  a[10]
  a[11]
  a[12]
  a[13]
  a[14]
  a[15]
  a[16]
  a[17]
  a[18]
  a[19]
  a[1]
  a[20]
  a[21]
  a[22]
  a[23]
  a[24]
  a[25]
  a[26]
  a[27]
  a[28]
  a[29]
  a[2]
  a[30]
  a[31]
  a[3]
  a[4]
  a[5]
  a[6]
  a[7]
  a[8]
  a[9]
  rst
  x
Warning: There is 1 unconstrained endpoint.
  y
