Clock: core_clock
Sources: clk 
Generated: no
Virtual: yes
Propagated: no
Period: 10.000000

===========================================================================
report_clock_properties
============================================================================
Clock                   Period          Waveform
----------------------------------------------------
core_clock           10.000000    0.000000  5.000000

===========================================================================
report_clock_latency
============================================================================
Clock core_clock
rise -> rise
    min     max
0.000000 0.000000 source latency
0.219553         network latency dsa[21]._9_/CLK
        0.229771 network latency dsa[30]._8_/CLK
---------------
0.219553 0.229771 latency
        0.010218 skew

fall -> fall
    min     max
0.000000 0.000000 source latency
0.225407         network latency dsa[21]._9_/CLK
        0.235160 network latency dsa[30]._8_/CLK
---------------
0.225407 0.235160 latency
        0.009753 skew



===========================================================================
report_clock_min_period
============================================================================
core_clock period_min = 0.51 fmax = 1951.43
