
===========================================================================
 report_power
============================================================================
======================= max_ff_n40C_1v95 Corner ===================================

Group                    Internal    Switching      Leakage        Total
                            Power        Power        Power        Power (Watts)
------------------------------------------------------------------------
Sequential           4.521854e-04 8.946960e-05 9.375207e-10 5.416559e-04  45.3%
Combinational        1.741857e-04 1.162592e-04 9.316923e-10 2.904459e-04  24.3%
Clock                2.411509e-04 1.233922e-04 1.667523e-09 3.645447e-04  30.5%
Macro                0.000000e+00 0.000000e+00 0.000000e+00 0.000000e+00   0.0%
Pad                  0.000000e+00 0.000000e+00 0.000000e+00 0.000000e+00   0.0%
------------------------------------------------------------------------
Total                8.675220e-04 3.291210e-04 3.536736e-09 1.196647e-03 100.0%
                            72.5%        27.5%         0.0%

