Clock: core_clock
Sources: clk 
Generated: no
Virtual: yes
Propagated: no
Period: 10.000000

===========================================================================
report_clock_properties
============================================================================
Clock                   Period          Waveform
----------------------------------------------------
core_clock           10.000000    0.000000  5.000000

===========================================================================
report_clock_latency
============================================================================
Clock core_clock
rise -> rise
    min     max
0.000000 0.000000 source latency
0.533339         network latency dsa[7]._9_/CLK
        0.547934 network latency dsa[30]._8_/CLK
---------------
0.533339 0.547934 latency
        0.014595 skew

fall -> fall
    min     max
0.000000 0.000000 source latency
0.558352         network latency dsa[7]._9_/CLK
        0.570804 network latency dsa[30]._8_/CLK
---------------
0.558352 0.570804 latency
        0.012452 skew



===========================================================================
report_clock_min_period
============================================================================
core_clock period_min = 1.71 fmax = 583.21
